With pre-placed solution walls:
  Reachable: 28, Score: 28, Reaches boundary: true

Grid: 22 rows x 19 cols
Horse at: (4, 9)
Budget: 12

 0 |  .  ~  ~  .  .  .  .  .  .  ~  .  .  .  .  .  .  .  .  . 
 1 |  .  ~  ~  .  .  ~  .  .  ~  ~  .  .  .  .  .  .  .  ~  . 
 2 |  .  .  .  .  ~  ~  .  .  ~  ~  .  .  ~  .  .  .  ~  ~  . 
 3 |  .  ~  .  .  ~  ~  .  .  .  .  .  ~  ~  .  .  .  ~  ~  . 
 4 |  ~  ~  .  .  .  .  .  .  .  H  .  ~  ~  .  .  .  .  .  . 
 5 |  ~  ~  .  .  .  .  .  ~  .  .  .  .  .  .  ~  .  .  .  . 
 6 |  .  .  .  ~  .  .  ~  ~  .  .  ~  .  .  ~  ~  .  .  .  . 
 7 |  .  .  ~  ~  .  .  ~  ~  .  ~  ~  .  .  ~  ~  .  .  ~  . 
 8 |  .  .  ~  ~  .  .  .  .  .  ~  ~  .  .  .  .  .  ~  ~  . 
 9 |  .  .  .  .  .  .  .  .  .  .  .  .  .  .  .  .  ~  ~  . 
10 |  .  .  .  .  .  .  .  .  .  .  .  .  .  .  .  .  .  .  . 
11 |  .  ~  ~  ~  ~  ~  ~  ~  ~  .  .  .  .  .  .  .  .  .  . 
12 |  .  ~  .  .  .  .  .  .  ~  .  .  ~  ~  .  ~  ~  .  .  ~ 
13 |  .  ~  .  ~  ~  ~  ~  .  ~  .  .  ~  ~  .  ~  ~  .  ~  ~ 
14 |  .  ~  .  ~  .  .  ~  .  ~  .  .  ~  .  .  ~  .  .  ~  ~ 
15 |  .  ~  .  ~  .  ~  ~  .  ~  .  .  ~  .  .  ~  .  .  .  . 
16 |  .  ~  .  ~  .  .  .  .  ~  .  ~  ~  .  ~  ~  .  ~  .  . 
17 |  .  ~  .  ~  ~  ~  ~  ~  ~  .  .  .  .  .  .  .  .  .  . 
18 |  .  ~  .  .  .  .  .  .  .  .  .  .  .  .  .  .  .  .  . 
19 |  ~  ~  ~  ~  ~  ~  ~  ~  ~  ~  ~  ~  ~  ~  ~  ~  ~  ~  ~ 
20 |  ~  ~  ~  ~  ~  ~  ~  ~  ~  ~  ~  ~  ~  ~  ~  ~  ~  ~  ~ 
21 |  ~  ~  ~  ~  ~  ~  ~  ~  ~  ~  ~  ~  ~  ~  ~  ~  ~  ~  ~ 

With pre-placed solution walls removed (full budget):
  Reachable: 249, Score: 249, Reaches boundary: true

Starting GA: 248 candidates, budget 12, population 200
Gen 0: best score = -46
Gen 1: NEW BEST = -45
Gen 2: NEW BEST = 1
Gen 74: NEW BEST = 7
Gen 102: NEW BEST = 8
Gen 111: NEW BEST = 9
Gen 153: NEW BEST = 10
Gen 216: NEW BEST = 11
Gen 441: NEW BEST = 12
Gen 1000: best = 12 (2092 gens/sec)
Gen 2000: best = 12 (2124 gens/sec)
Gen 3000: best = 12 (2156 gens/sec)
Gen 4000: best = 12 (2168 gens/sec)
Gen 5000: best = 12 (2167 gens/sec)
Gen 6000: best = 12 (2164 gens/sec)
Gen 7000: best = 12 (2163 gens/sec)
Gen 7394: NEW BEST = 13
Gen 8000: best = 13 (2169 gens/sec)
Gen 9000: best = 13 (2172 gens/sec)
Gen 10000: best = 13 (2174 gens/sec)
Gen 11000: best = 13 (2179 gens/sec)
Gen 12000: best = 13 (2182 gens/sec)
Gen 13000: best = 13 (2183 gens/sec)
Gen 14000: best = 13 (2185 gens/sec)
Gen 15000: best = 13 (2197 gens/sec)
Gen 16000: best = 13 (2211 gens/sec)
Gen 16727: NEW BEST = 14
Gen 17000: best = 14 (2223 gens/sec)
Gen 18000: best = 14 (2234 gens/sec)
Gen 19000: best = 14 (2243 gens/sec)
Gen 20000: best = 14 (2249 gens/sec)
Gen 21000: best = 14 (2256 gens/sec)
Gen 21584: NEW BEST = 15
Gen 22000: best = 15 (2264 gens/sec)
Gen 23000: best = 15 (2271 gens/sec)
Gen 23328: NEW BEST = 16
Gen 24000: best = 16 (2277 gens/sec)
Gen 24066: NEW BEST = 18
Gen 24088: NEW BEST = 19
Gen 25000: best = 19 (2281 gens/sec)
Gen 26000: best = 19 (2282 gens/sec)
Gen 27000: best = 19 (2277 gens/sec)
Gen 27019: NEW BEST = 22
Gen 28000: best = 22 (2273 gens/sec)
Gen 29000: best = 22 (2269 gens/sec)
Gen 30000: best = 22 (2268 gens/sec)
Gen 31000: best = 22 (2271 gens/sec)
Gen 32000: best = 22 (2277 gens/sec)
Gen 33000: best = 22 (2279 gens/sec)
Gen 34000: best = 22 (2283 gens/sec)
Gen 35000: best = 22 (2286 gens/sec)
Gen 36000: best = 22 (2290 gens/sec)
Gen 37000: best = 22 (2294 gens/sec)
Gen 38000: best = 22 (2296 gens/sec)
Gen 39000: best = 22 (2299 gens/sec)
Gen 40000: best = 22 (2301 gens/sec)
Gen 41000: best = 22 (2303 gens/sec)
Gen 42000: best = 22 (2305 gens/sec)
Gen 43000: best = 22 (2306 gens/sec)
Gen 44000: best = 22 (2309 gens/sec)
Gen 45000: best = 22 (2310 gens/sec)
Gen 46000: best = 22 (2312 gens/sec)
Gen 47000: best = 22 (2315 gens/sec)
Gen 48000: best = 22 (2312 gens/sec)
Gen 49000: best = 22 (2309 gens/sec)
Gen 50000: best = 22 (2309 gens/sec)
Gen 51000: best = 22 (2307 gens/sec)
Gen 52000: best = 22 (2306 gens/sec)
Gen 53000: best = 22 (2305 gens/sec)
Gen 54000: best = 22 (2304 gens/sec)
Gen 55000: best = 22 (2303 gens/sec)
Gen 56000: best = 22 (2303 gens/sec)
Gen 57000: best = 22 (2306 gens/sec)
Gen 58000: best = 22 (2306 gens/sec)
Gen 59000: best = 22 (2307 gens/sec)
Gen 60000: best = 22 (2306 gens/sec)
Gen 61000: best = 22 (2304 gens/sec)
Gen 62000: best = 22 (2302 gens/sec)
Gen 63000: best = 22 (2302 gens/sec)
Gen 64000: best = 22 (2303 gens/sec)
Gen 65000: best = 22 (2303 gens/sec)
Gen 66000: best = 22 (2305 gens/sec)
Gen 67000: best = 22 (2307 gens/sec)
Gen 68000: best = 22 (2308 gens/sec)
Gen 69000: best = 22 (2307 gens/sec)
Gen 70000: best = 22 (2307 gens/sec)
Gen 71000: best = 22 (2308 gens/sec)
Gen 72000: best = 22 (2309 gens/sec)
Gen 73000: best = 22 (2310 gens/sec)
Gen 74000: best = 22 (2310 gens/sec)
Gen 75000: best = 22 (2308 gens/sec)
Gen 76000: best = 22 (2308 gens/sec)
Gen 77000: best = 22 (2308 gens/sec)
Gen 78000: best = 22 (2308 gens/sec)
Gen 79000: best = 22 (2309 gens/sec)
Gen 80000: best = 22 (2310 gens/sec)
Gen 81000: best = 22 (2311 gens/sec)
Gen 82000: best = 22 (2312 gens/sec)
Gen 83000: best = 22 (2313 gens/sec)
Gen 84000: best = 22 (2314 gens/sec)
Gen 85000: best = 22 (2315 gens/sec)
Gen 86000: best = 22 (2317 gens/sec)
Gen 87000: best = 22 (2318 gens/sec)
Gen 88000: best = 22 (2319 gens/sec)
Gen 89000: best = 22 (2320 gens/sec)
Gen 90000: best = 22 (2321 gens/sec)
Gen 91000: best = 22 (2322 gens/sec)
Gen 92000: best = 22 (2323 gens/sec)
Gen 93000: best = 22 (2324 gens/sec)
Gen 94000: best = 22 (2325 gens/sec)
Gen 95000: best = 22 (2326 gens/sec)
Gen 96000: best = 22 (2327 gens/sec)
Gen 97000: best = 22 (2328 gens/sec)
Gen 98000: best = 22 (2329 gens/sec)
Gen 99000: best = 22 (2330 gens/sec)
Gen 100000: best = 22 (2331 gens/sec)

GA complete. Best score = 22, valid = true

=== TIMING ===
  solve() total: 42.898s

BFS Result:
  Reachable Cells: 249
  Reaches boundary: true

  Score from BFS: 249

  Candidate Wall Positions: 248

Optimal score: 116
  Gap from optimal: 94 points

Final result:
  Score: 22
  Valid: true
  Walls placed at:
    (0, 6)
    (0, 7)
    (0, 10)
    (0, 17)
    (0, 18)
    (1, 11)
    (1, 13)
    (4, 6)
    (5, 11)
    (6, 1)
    (8, 8)
    (11, 9)
Grid: 22 rows x 19 cols
Horse at: (4, 9)
Budget: 12

 0 |  .  ~  ~  .  .  .  W  W  .  ~  W  .  .  .  .  .  .  W  W 
 1 |  .  ~  ~  .  .  ~  .  .  ~  ~  .  W  .  W  .  .  .  ~  . 
 2 |  .  .  .  .  ~  ~  .  .  ~  ~  .  .  ~  .  .  .  ~  ~  . 
 3 |  .  ~  .  .  ~  ~  .  .  .  .  .  ~  ~  .  .  .  ~  ~  . 
 4 |  ~  ~  .  .  .  .  W  .  .  H  .  ~  ~  .  .  .  .  .  . 
 5 |  ~  ~  .  .  .  .  .  ~  .  .  .  W  .  .  ~  .  .  .  . 
 6 |  .  W  .  ~  .  .  ~  ~  .  .  ~  .  .  ~  ~  .  .  .  . 
 7 |  .  .  ~  ~  .  .  ~  ~  .  ~  ~  .  .  ~  ~  .  .  ~  . 
 8 |  .  .  ~  ~  .  .  .  .  W  ~  ~  .  .  .  .  .  ~  ~  . 
 9 |  .  .  .  .  .  .  .  .  .  .  .  .  .  .  .  .  ~  ~  . 
10 |  .  .  .  .  .  .  .  .  .  .  .  .  .  .  .  .  .  .  . 
11 |  .  ~  ~  ~  ~  ~  ~  ~  ~  W  .  .  .  .  .  .  .  .  . 
12 |  .  ~  .  .  .  .  .  .  ~  .  .  ~  ~  .  ~  ~  .  .  ~ 
13 |  .  ~  .  ~  ~  ~  ~  .  ~  .  .  ~  ~  .  ~  ~  .  ~  ~ 
14 |  .  ~  .  ~  .  .  ~  .  ~  .  .  ~  .  .  ~  .  .  ~  ~ 
15 |  .  ~  .  ~  .  ~  ~  .  ~  .  .  ~  .  .  ~  .  .  .  . 
16 |  .  ~  .  ~  .  .  .  .  ~  .  ~  ~  .  ~  ~  .  ~  .  . 
17 |  .  ~  .  ~  ~  ~  ~  ~  ~  .  .  .  .  .  .  .  .  .  . 
18 |  .  ~  .  .  .  .  .  .  .  .  .  .  .  .  .  .  .  .  . 
19 |  ~  ~  ~  ~  ~  ~  ~  ~  ~  ~  ~  ~  ~  ~  ~  ~  ~  ~  ~ 
20 |  ~  ~  ~  ~  ~  ~  ~  ~  ~  ~  ~  ~  ~  ~  ~  ~  ~  ~  ~ 
21 |  ~  ~  ~  ~  ~  ~  ~  ~  ~  ~  ~  ~  ~  ~  ~  ~  ~  ~  ~ 

All your codebase are belong to us.
